// Jest Snapshot v1, https://goo.gl/fbAQLP

exports[`SideNav Snapshot 0 should match 1`] = `
ShallowWrapper {
  "length": 1,
  Symbol(enzyme.__root__): [Circular],
  Symbol(enzyme.__unrendered__): <SideNav
    className={undefined}
    items={
      Array [
        Object {
          "icon": "svg-file-stub",
          "id": "some_id",
          "label": "Label",
        },
        Object {
          "icon": "svg-file-stub",
          "id": "slug",
          "label": "Test",
        },
      ]
    }
    zIndex={1000000}
  />,
  Symbol(enzyme.__renderer__): Object {
    "batchedUpdates": [Function],
    "getNode": [Function],
    "render": [Function],
    "simulateEvent": [Function],
    "unmount": [Function],
  },
  Symbol(enzyme.__node__): Object {
    "instance": null,
    "key": undefined,
    "nodeType": "host",
    "props": Object {
      "children": Array [
        <Scroll
          items={
            Array [
              Object {
                "icon": "svg-file-stub",
                "id": "some_id",
                "label": "Label",
              },
              Object {
                "icon": "svg-file-stub",
                "id": "slug",
                "label": "Test",
              },
            ]
          }
          onHashChange={[Function]}
          windowHash=""
        />,
        Array [
          <Item
            activeColor="#00c3ff"
            className={undefined}
            defaultColor="#323c50"
            icon="svg-file-stub"
            id="some_id"
            label="Label"
            onHashChange={[Function]}
            textColor="white"
            windowHash=""
          />,
          <Item
            activeColor="#00c3ff"
            className={undefined}
            defaultColor="#323c50"
            icon="svg-file-stub"
            id="slug"
            label="Test"
            onHashChange={[Function]}
            textColor="white"
            windowHash=""
          />,
        ],
      ],
      "className": undefined,
      "style": Object {
        "zIndex": 1000000,
      },
    },
    "ref": null,
    "rendered": Array [
      Object {
        "instance": null,
        "key": undefined,
        "nodeType": "class",
        "props": Object {
          "items": Array [
            Object {
              "icon": "svg-file-stub",
              "id": "some_id",
              "label": "Label",
            },
            Object {
              "icon": "svg-file-stub",
              "id": "slug",
              "label": "Test",
            },
          ],
          "onHashChange": [Function],
          "windowHash": "",
        },
        "ref": null,
        "rendered": null,
        "type": [Function],
      },
      Object {
        "instance": null,
        "key": "0",
        "nodeType": "class",
        "props": Object {
          "activeColor": "#00c3ff",
          "className": undefined,
          "defaultColor": "#323c50",
          "icon": "svg-file-stub",
          "id": "some_id",
          "label": "Label",
          "onHashChange": [Function],
          "textColor": "white",
          "windowHash": "",
        },
        "ref": null,
        "rendered": null,
        "type": [Function],
      },
      Object {
        "instance": null,
        "key": "1",
        "nodeType": "class",
        "props": Object {
          "activeColor": "#00c3ff",
          "className": undefined,
          "defaultColor": "#323c50",
          "icon": "svg-file-stub",
          "id": "slug",
          "label": "Test",
          "onHashChange": [Function],
          "textColor": "white",
          "windowHash": "",
        },
        "ref": null,
        "rendered": null,
        "type": [Function],
      },
    ],
    "type": "div",
  },
  Symbol(enzyme.__nodes__): Array [
    Object {
      "instance": null,
      "key": undefined,
      "nodeType": "host",
      "props": Object {
        "children": Array [
          <Scroll
            items={
              Array [
                Object {
                  "icon": "svg-file-stub",
                  "id": "some_id",
                  "label": "Label",
                },
                Object {
                  "icon": "svg-file-stub",
                  "id": "slug",
                  "label": "Test",
                },
              ]
            }
            onHashChange={[Function]}
            windowHash=""
          />,
          Array [
            <Item
              activeColor="#00c3ff"
              className={undefined}
              defaultColor="#323c50"
              icon="svg-file-stub"
              id="some_id"
              label="Label"
              onHashChange={[Function]}
              textColor="white"
              windowHash=""
            />,
            <Item
              activeColor="#00c3ff"
              className={undefined}
              defaultColor="#323c50"
              icon="svg-file-stub"
              id="slug"
              label="Test"
              onHashChange={[Function]}
              textColor="white"
              windowHash=""
            />,
          ],
        ],
        "className": undefined,
        "style": Object {
          "zIndex": 1000000,
        },
      },
      "ref": null,
      "rendered": Array [
        Object {
          "instance": null,
          "key": undefined,
          "nodeType": "class",
          "props": Object {
            "items": Array [
              Object {
                "icon": "svg-file-stub",
                "id": "some_id",
                "label": "Label",
              },
              Object {
                "icon": "svg-file-stub",
                "id": "slug",
                "label": "Test",
              },
            ],
            "onHashChange": [Function],
            "windowHash": "",
          },
          "ref": null,
          "rendered": null,
          "type": [Function],
        },
        Object {
          "instance": null,
          "key": "0",
          "nodeType": "class",
          "props": Object {
            "activeColor": "#00c3ff",
            "className": undefined,
            "defaultColor": "#323c50",
            "icon": "svg-file-stub",
            "id": "some_id",
            "label": "Label",
            "onHashChange": [Function],
            "textColor": "white",
            "windowHash": "",
          },
          "ref": null,
          "rendered": null,
          "type": [Function],
        },
        Object {
          "instance": null,
          "key": "1",
          "nodeType": "class",
          "props": Object {
            "activeColor": "#00c3ff",
            "className": undefined,
            "defaultColor": "#323c50",
            "icon": "svg-file-stub",
            "id": "slug",
            "label": "Test",
            "onHashChange": [Function],
            "textColor": "white",
            "windowHash": "",
          },
          "ref": null,
          "rendered": null,
          "type": [Function],
        },
      ],
      "type": "div",
    },
  ],
  Symbol(enzyme.__options__): Object {
    "adapter": ReactSixteenAdapter {
      "options": Object {
        "enableComponentDidUpdateOnSetState": true,
      },
    },
  },
}
`;
